BME280 bring-up firmware (Boardex bench)
sysclk 8 MHz HSI, USART2 115200 8N1
I2C1: 100 kHz standard mode on PB8/PB9
BME280: probing at 0x76
BME280 chip id: 0x60 (OK)
BME280 calibration loaded
BME280 config: osrs_h=x1 osrs_t=x1 osrs_p=x1 mode=normal
TEMP=24.3 HUM=41.2
TEMP=24.3 HUM=41.2
TEMP=24.3 HUM=41.3
TEMP=24.3 HUM=41.2
TEMP=24.4 HUM=41.2
TEMP=24.3 HUM=41.2
TEMP=24.3 HUM=41.1
TEMP=24.3 HUM=41.2
TEMP=24.4 HUM=41.2
TEMP=24.4 HUM=41.3
TEMP=24.3 HUM=41.2
TEMP=24.3 HUM=41.2
TEMP=24.4 HUM=41.2
TEMP=24.3 HUM=41.3
TEMP=24.3 HUM=41.2
TEMP=24.3 HUM=41.2
TEMP=24.4 HUM=41.1
TEMP=24.3 HUM=41.2
TEMP=24.3 HUM=41.2
TEMP=24.4 HUM=41.2
TEMP=24.3 HUM=41.3
TEMP=24.3 HUM=41.2
TEMP=24.4 HUM=41.2
TEMP=24.3 HUM=41.2
TEMP=24.3 HUM=41.2
TEMP=24.4 HUM=41.2
TEMP=24.3 HUM=41.1
TEMP=24.3 HUM=41.2
TEMP=24.3 HUM=41.2
