BME280 bring-up firmware (Boardex bench)
sysclk 8 MHz HSI, USART2 115200 8N1
I2C1: 100 kHz standard mode on PB8/PB9
BME280: probing at 0x76
I2C1 ERROR: timeout waiting for TXIS (read setup)
BME280 ERROR: chip id read failed (attempt 1/3)
I2C1 ERROR: timeout waiting for TXIS (read setup)
BME280 ERROR: chip id read failed (attempt 2/3)
I2C1 ERROR: timeout waiting for TXIS (read setup)
BME280 ERROR: chip id read failed (attempt 3/3)
BME280 FATAL: sensor not responding, heartbeat only
tick 0
tick 1
tick 2
tick 3
tick 4
tick 5
tick 6
tick 7
tick 8
tick 9
tick 10
tick 11
tick 12
tick 13
tick 14
tick 15
tick 16
tick 17
tick 18
tick 19
tick 20
tick 21
tick 22
tick 23
tick 24
tick 25
tick 26
tick 27
tick 28
